Starting RAG + Gemini Verification Test...

Testing with: {
  "drug": "Warfarin",
  "gene": "CYP2C9",
  "phenotype": "Intermediate Metabolizer",
  "riskLabel": "Moderate"
}

RAG Context Retrieved: Yes
node : Gemini API Error: [GoogleGenerativeAI Error]: Error fetching from 
https://generativelanguage.googleapis.com/v1beta/models/gemini-2.0-flash:generateContent: [429 Too Many Requests] You 
exceeded your current quota, please check your plan and billing details. For more information on this error, head to: 
https://ai.google.dev/gemini-api/docs/rate-limits. To monitor your current usage, head to: https://ai.dev/rate-limit. 
At line:1 char:1
+ node scripts/test_rag_gemini.js > test_output.txt 2>&1
+ ~~~~~~~~~~~~~~~~~~~~~~~~~~~~~~~~~~~~~~~~~~~~~~~~~~~~~~
    + CategoryInfo          : NotSpecified: (Gemini API Erro...ev/rate-limit. :String) [], RemoteException
    + FullyQualifiedErrorId : NativeCommandError
 
* Quota exceeded for metric: generativelanguage.googleapis.com/generate_content_free_tier_requests, limit: 0, model: 
gemini-2.0-flash
* Quota exceeded for metric: generativelanguage.googleapis.com/generate_content_free_tier_requests, limit: 0, model: 
gemini-2.0-flash
* Quota exceeded for metric: generativelanguage.googleapis.com/generate_content_free_tier_input_token_count, limit: 0, 
model: gemini-2.0-flash
Please retry in 54.630135859s. [{"@type":"type.googleapis.com/google.rpc.Help","links":[{"description":"Learn more 
about Gemini API quotas","url":"https://ai.google.dev/gemini-api/docs/rate-limits"}]},{"@type":"type.googleapis.com/goo
gle.rpc.QuotaFailure","violations":[{"quotaMetric":"generativelanguage.googleapis.com/generate_content_free_tier_reques
ts","quotaId":"GenerateRequestsPerDayPerProjectPerModel-FreeTier","quotaDimensions":{"model":"gemini-2.0-flash","locati
on":"global"}},{"quotaMetric":"generativelanguage.googleapis.com/generate_content_free_tier_requests","quotaId":"Genera
teRequestsPerMinutePerProjectPerModel-FreeTier","quotaDimensions":{"model":"gemini-2.0-flash","location":"global"}},{"q
uotaMetric":"generativelanguage.googleapis.com/generate_content_free_tier_input_token_count","quotaId":"GenerateContent
InputTokensPerModelPerMinute-FreeTier","quotaDimensions":{"location":"global","model":"gemini-2.0-flash"}}]},{"@type":"
type.googleapis.com/google.rpc.RetryInfo","retryDelay":"54s"}]
--- Result ---
{
  "summary": "Interaction detected between Warfarin and CYP2C9. Risk: Moderate. (AI Service Unavailable)",
  "expanded": "The patient carries variants in the CYP2C9 gene which are known to affect the metabolism or effect of Warfarin. This creates a risk classified as 'Moderate'. Verify with CPIC guidelines."
}

Γ¥î Test Failed: AI Service Unavailable or API Key missing.
